javac : src\main\ja
va\com\connect4\Gam
eSettings.java:18: 
error: duplicate 
class: src.main.jav
a.com.connect4.Game
Settings
At line:1 char:1
+ javac -d bin 
-sourcepath 
src/main/java src/m
ain/java/com/connec
t4/*.j ...
+ ~~~~~~~~~~~~~~~~~
~~~~~~~~~~~~~~~~~~~
~~~~~~~~~~~~~~~~~~~
~~~~~~~~~~~~~~
    + CategoryInfo 
             : No  
  tSpecified: (s   
 rc\main\java\c    
...t4.GameSett    
ings:String) [    
], RemoteExcep    
tion
    + FullyQualifi 
   edErrorId : Na  
  tiveCommandErr   
 or
 
public class 
GameSettings 
implements 
Serializable {
       ^
src\main\java\com\c
onnect4\MainMenu.ja
va:12: error: 
cannot access 
GameSettings
    private 
GameSettings 
currentSettings;
            ^
  bad source file: 
src\main\java\com\c
onnect4\GameSetting
s.java
    file does not 
contain class com.c
onnect4.GameSetting
s
    Please remove 
or make sure it 
appears in the 
correct 
subdirectory of 
the sourcepath.
src\main\java\com\c
onnect4\GameState.j
ava:24: error: 
duplicate class: sr
c.main.java.com.con
nect4.GameState
public class 
GameState {
       ^
src\main\java\com\c
onnect4\SaveLoadMan
ager.java:172: 
error: cannot 
access GameState
    public static 
boolean 
saveGame(GameState 
gameState, String 
filename, String 
description) {
                   
                ^
  bad source file: 
src\main\java\com\c
onnect4\GameState.j
ava
    file does not 
contain class com.c
onnect4.GameState
    Please remove 
or make sure it 
appears in the 
correct 
subdirectory of 
the sourcepath.
src\main\java\com\c
onnect4\Cell.java:1
8: error: 
duplicate class: sr
c.main.java.com.con
nect4.Cell
public class Cell {
       ^
src\main\java\com\c
onnect4\SaveLoadMan
ager.java:43: 
error: cannot 
access Cell
        public 
Cell.CellState[][] 
boardState;
               ^
  bad source file: 
src\main\java\com\c
onnect4\Cell.java
    file does not 
contain class 
com.connect4.Cell
    Please remove 
or make sure it 
appears in the 
correct 
subdirectory of 
the sourcepath.
src\main\java\com\c
onnect4\AIPlayer.ja
va:36: error: 
duplicate class: sr
c.main.java.com.con
nect4.AIPlayer
public class 
AIPlayer {
       ^
src\main\java\com\c
onnect4\TextView.ja
va:26: error: 
cannot access 
AIPlayer
    private 
AIPlayer aiPlayer;
            ^
  bad source file: 
src\main\java\com\c
onnect4\AIPlayer.ja
va
    file does not 
contain class com.c
onnect4.AIPlayer
    Please remove 
or make sure it 
appears in the 
correct 
subdirectory of 
the sourcepath.
src\main\java\com\c
onnect4\Player.java
:16: error: 
duplicate class: sr
c.main.java.com.con
nect4.Player
public class 
Player implements 
Serializable {
       ^
src\main\java\com\c
onnect4\TextView.ja
va:98: error: 
cannot access 
Player
    private String 
getColoredSymbol(Pl
ayer player) {
                   
                 ^
  bad source file: 
src\main\java\com\c
onnect4\Player.java
    file does not 
contain class 
com.connect4.Player
    Please remove 
or make sure it 
appears in the 
correct 
subdirectory of 
the sourcepath.
src\main\java\com\c
onnect4\DifficultyL
evel.java:26: 
error: duplicate 
class: src.main.jav
a.com.connect4.Diff
icultyLevel
public enum 
DifficultyLevel 
implements 
Serializable {
       ^
src\main\java\com\c
onnect4\MainMenu.ja
va:355: error: 
cannot access 
DifficultyLevel
            
DifficultyLevel 
level;
            ^
  bad source file: 
src\main\java\com\c
onnect4\DifficultyL
evel.java
    file does not 
contain class com.c
onnect4.DifficultyL
evel
    Please remove 
or make sure it 
appears in the 
correct 
subdirectory of 
the sourcepath.
src\main\java\com\c
onnect4\GUIView.jav
a:23: error: 
duplicate class: sr
c.main.java.com.con
nect4.GUIView
public class 
GUIView implements 
GameView {
       ^
src\main\java\com\c
onnect4\MainMenu.ja
va:516: error: 
cannot access 
GUIView
            
GUIView guiView = 
new 
GUIView(gameState);
            ^
  bad source file: 
src\main\java\com\c
onnect4\GUIView.jav
a
    file does not 
contain class com.c
onnect4.GUIView
    Please remove 
or make sure it 
appears in the 
correct 
subdirectory of 
the sourcepath.
14 errors
